
> soukmar@0.0.0 start
> ng serve

> Building...
√ Building...
Initial chunk files | Names                     |  Raw size
main.js             | main                      | 105.61 kB | 
chunk-YSKS372V.js   | -                         |  98.78 kB | 
styles.css          | styles                    |   9.06 kB | 
chunk-CFCIIGRE.js   | -                         |   7.55 kB | 
chunk-7K5RSPV2.js   | -                         |   3.29 kB | 
chunk-NDW6XCW3.js   | -                         |   1.99 kB | 

                    | Initial total             | 226.27 kB

Lazy chunk files    | Names                     |  Raw size
chunk-2D7FKQCT.js   | admin-component           | 109.23 kB | 
chunk-OUORTEHL.js   | chat-component            |  63.59 kB | 
chunk-OJMNUQUX.js   | deposer-annonce-component |  61.82 kB | 
chunk-MICYKRIU.js   | annonce-detail-component  |  48.01 kB | 
chunk-C5VHD25V.js   | home-component            |  47.24 kB | 
chunk-32LV4SQJ.js   | annonces-component        |  32.67 kB | 
chunk-Q4QEJLMG.js   | login-component           |  31.64 kB | 
chunk-MAKTFCPS.js   | profil-component          |  29.90 kB | 
chunk-4WSVTKDJ.js   | premium-component         |  24.02 kB | 
chunk-46ZTT2J2.js   | register-component        |  23.55 kB | 
chunk-J7LJGMGD.js   | mes-annonces-component    |  21.85 kB | 
chunk-B6XYC5JU.js   | -                         |  20.95 kB | 
chunk-THHK2677.js   | -                         |   2.07 kB | 
chunk-RZ5KWHYA.js   | -                         |   1.49 kB | 

Application bundle generation complete. [12.067 seconds] - 2026-08-30T12:03:39.841Z

Watch mode enabled. Watching for file changes...
NOTE: Raw file sizes do not reflect development server per-request transformations.
  ➜  Local:   http://localhost:4200/
  ➜  press h + enter to show help
